// Jest Snapshot v1, https://goo.gl/fbAQLP

exports[`should render correctly 1`] = `
<div
  className="month-grid"
>
  <CalendarRow
    className="week row-0"
    current={"1970-01-01T00:00:00.000Z"}
    dayClicked={[Function]}
    days={
      Array [
        "1969-12-28T00:00:00.000Z",
        "1969-12-29T00:00:00.000Z",
        "1969-12-30T00:00:00.000Z",
        "1969-12-31T00:00:00.000Z",
        "1970-01-01T00:00:00.000Z",
        "1970-01-02T00:00:00.000Z",
        "1970-01-03T00:00:00.000Z",
      ]
    }
    key="0"
    now={"1979-06-12T23:00:00.000Z"}
  />
  <CalendarRow
    className="week row-1"
    current={"1970-01-01T00:00:00.000Z"}
    dayClicked={[Function]}
    days={
      Array [
        "1970-01-04T00:00:00.000Z",
        "1970-01-05T00:00:00.000Z",
        "1970-01-06T00:00:00.000Z",
        "1970-01-07T00:00:00.000Z",
        "1970-01-08T00:00:00.000Z",
        "1970-01-09T00:00:00.000Z",
        "1970-01-10T00:00:00.000Z",
      ]
    }
    key="1"
    now={"1979-06-12T23:00:00.000Z"}
  />
  <CalendarRow
    className="week row-2"
    current={"1970-01-01T00:00:00.000Z"}
    dayClicked={[Function]}
    days={
      Array [
        "1970-01-11T00:00:00.000Z",
        "1970-01-12T00:00:00.000Z",
        "1970-01-13T00:00:00.000Z",
        "1970-01-14T00:00:00.000Z",
        "1970-01-15T00:00:00.000Z",
        "1970-01-16T00:00:00.000Z",
        "1970-01-17T00:00:00.000Z",
      ]
    }
    key="2"
    now={"1979-06-12T23:00:00.000Z"}
  />
  <CalendarRow
    className="week row-3"
    current={"1970-01-01T00:00:00.000Z"}
    dayClicked={[Function]}
    days={
      Array [
        "1970-01-18T00:00:00.000Z",
        "1970-01-19T00:00:00.000Z",
        "1970-01-20T00:00:00.000Z",
        "1970-01-21T00:00:00.000Z",
        "1970-01-22T00:00:00.000Z",
        "1970-01-23T00:00:00.000Z",
        "1970-01-24T00:00:00.000Z",
      ]
    }
    key="3"
    now={"1979-06-12T23:00:00.000Z"}
  />
  <CalendarRow
    className="week row-4"
    current={"1970-01-01T00:00:00.000Z"}
    dayClicked={[Function]}
    days={
      Array [
        "1970-01-25T00:00:00.000Z",
        "1970-01-26T00:00:00.000Z",
        "1970-01-27T00:00:00.000Z",
        "1970-01-28T00:00:00.000Z",
        "1970-01-29T00:00:00.000Z",
        "1970-01-30T00:00:00.000Z",
        "1970-01-31T00:00:00.000Z",
      ]
    }
    key="4"
    now={"1979-06-12T23:00:00.000Z"}
  />
  <CalendarRow
    className="week row-5"
    current={"1970-01-01T00:00:00.000Z"}
    dayClicked={[Function]}
    days={
      Array [
        "1970-02-01T00:00:00.000Z",
        "1970-02-02T00:00:00.000Z",
        "1970-02-03T00:00:00.000Z",
        "1970-02-04T00:00:00.000Z",
        "1970-02-05T00:00:00.000Z",
        "1970-02-06T00:00:00.000Z",
        "1970-02-07T00:00:00.000Z",
      ]
    }
    key="5"
    now={"1979-06-12T23:00:00.000Z"}
  />
</div>
`;
